
 RUN  v4.1.11 D:/Projects/baitc_hackathon/orbit-jr/backend

 ❯ tests/team-ai/evidence-completeness.test.ts (9 tests | 7 failed) 36ms
     × rejects omission of required opaque fact c despite three legal categories 21ms
     × rejects omission of required opaque fact d despite three legal categories 3ms
     × rejects omission of required opaque fact e despite three legal categories 2ms
     × rejects omission of required opaque fact f despite three legal categories 1ms
     × rejects omission of required opaque fact g despite three legal categories 1ms
     × rejects omission of required opaque fact h despite three legal categories 1ms
     × turns incomplete but otherwise grounded provider evidence into explicit validated fallback 3ms

⎯⎯⎯⎯⎯⎯⎯ Failed Tests 7 ⎯⎯⎯⎯⎯⎯⎯

 FAIL  tests/team-ai/evidence-completeness.test.ts > provider evidence completeness > rejects omission of required opaque fact c despite three legal categories
 FAIL  tests/team-ai/evidence-completeness.test.ts > provider evidence completeness > rejects omission of required opaque fact d despite three legal categories
 FAIL  tests/team-ai/evidence-completeness.test.ts > provider evidence completeness > rejects omission of required opaque fact e despite three legal categories
 FAIL  tests/team-ai/evidence-completeness.test.ts > provider evidence completeness > rejects omission of required opaque fact f despite three legal categories
 FAIL  tests/team-ai/evidence-completeness.test.ts > provider evidence completeness > rejects omission of required opaque fact g despite three legal categories
 FAIL  tests/team-ai/evidence-completeness.test.ts > provider evidence completeness > rejects omission of required opaque fact h despite three legal categories
AssertionError: expected { Object (ok, cards, ...) } to match object { ok: false }
(3 matching properties omitted from actual)

- Expected
+ Received

  {
-   "ok": false,
+   "ok": true,
  }

 ❯ tests/team-ai/evidence-completeness.test.ts:23:51
     21|   it.each(['c', 'd', 'e', 'f', 'g', 'h'])('rejects omission of require…
     22|     const raw = output(output().choices[0].reason_fact_ids.filter(id =…
     23|     expect(validateProviderRanking(raw, state())).toMatchObject({ ok: …
       |                                                   ^
     24|   })
     25|

⎯⎯⎯⎯⎯⎯⎯⎯⎯⎯⎯⎯⎯⎯⎯⎯⎯⎯⎯⎯⎯⎯⎯⎯[1/7]⎯

 FAIL  tests/team-ai/evidence-completeness.test.ts > provider evidence completeness > turns incomplete but otherwise grounded provider evidence into explicit validated fallback
AssertionError: expected { version: { …(2) }, mode: 'ai', …(3) } to match object { mode: 'rules_fallback', …(1) }
(5 matching properties omitted from actual)

- Expected
+ Received

  {
-   "fallback_reason": "invalid_response",
-   "mode": "rules_fallback",
+   "fallback_reason": null,
+   "mode": "ai",
  }

 ❯ tests/team-ai/evidence-completeness.test.ts:46:20
     44|     const signals = { similarFormatPenalty: new Map([['opaque-choice',…
     45|     const result = await recommend(state(), { signals })
     46|     expect(result).toMatchObject({ mode: 'rules_fallback', fallback_re…
       |                    ^
     47|     expect(new Set(result.recommendations[0].reason_fact_ids)).toEqual…
     48|   })

⎯⎯⎯⎯⎯⎯⎯⎯⎯⎯⎯⎯⎯⎯⎯⎯⎯⎯⎯⎯⎯⎯⎯⎯[2/7]⎯


 Test Files  1 failed (1)
      Tests  7 failed | 2 passed (9)
   Start at  16:56:28
   Duration  884ms (transform 159ms, setup 0ms, import 371ms, tests 36ms, environment 0ms)

