
> build
> npm run typecheck -w backend && npm run build -w frontend


> @career-quest/backend@1.0.0 typecheck
> tsc --noEmit


> career-quest-ui@0.1.0 build
> next build

▲ Next.js 16.3.6 (Turbopack)
- Environments: .env.local
✓ Running next.config.ts took 183ms

  Creating an optimized production build ...
✓ Compiled successfully in 2.7s
  Running TypeScript ...
  Finished TypeScript in 4.5s ...
  Collecting page data using 10 workers ...
  Generating static pages using 10 workers (0/8) ...
  Generating static pages using 10 workers (2/8) 
  Generating static pages using 10 workers (4/8) 
  Generating static pages using 10 workers (6/8) 
✓ Generating static pages using 10 workers (8/8) in 736ms
  Finalizing page optimization ...

Route (app)
┌ ○ /
├ ○ /_not-found
├ ƒ /api/[...path]
├ ○ /demo
├ ○ /employee
├ ○ /employee/profile
├ ○ /hr
└ ○ /icon.svg


○  (Static)   prerendered as static content
ƒ  (Dynamic)  server-rendered on demand
